committed_s2pf_decision_points=334899

Pattern:
  none           170097 50.79%
  single_pf       95746 28.59%
  both            58887 17.58%
  b_only           6014 1.80%
  a_only           4155 1.24%

Family:
  single_idle        137242 40.98%
  pair_kj            105057 31.37%
  pair_top0_topk      75938 22.67%
  split_top0          11173 3.34%
  n1_split             5489 1.64%

Selected S2PF side placement categories:
  latest         115857 51.79%
  dma1_end        54019 24.15%
  task_start      53813 24.06%

Pattern by family:
  n1_split             5489: both=3456(62.96%), none=1350(24.59%), b_only=585(10.66%), a_only=98(1.79%)
  pair_kj            105057: none=68790(65.48%), both=33108(31.51%), a_only=2123(2.02%), b_only=1036(0.99%)
  pair_top0_topk      75938: none=58347(76.84%), both=14845(19.55%), b_only=1567(2.06%), a_only=1179(1.55%)
  single_idle        137242: single_pf=95746(69.76%), none=41496(30.24%)
  split_top0          11173: both=7478(66.93%), b_only=2826(25.29%), a_only=755(6.76%), none=114(1.02%)

Side placement by family:
  n1_split             7595: task_start=4417(58.16%), dma1_end=2015(26.53%), latest=1163(15.31%)
  pair_kj             69375: task_start=33027(47.61%), dma1_end=27076(39.03%), latest=9272(13.37%)
  pair_top0_topk      32436: dma1_end=14339(44.21%), task_start=12421(38.29%), latest=5676(17.50%)
  single_idle         95746: latest=95746(100.00%)
  split_top0          18537: dma1_end=10589(57.12%), latest=4000(21.58%), task_start=3948(21.30%)

checked_cases=30000 mirror_mismatches=0
wrote Idea_Model/c_s2pf_placement_summary_full.json
